// Jest Snapshot v1, https://goo.gl/fbAQLP

exports[`React unit tests Intro component matches the snapshot 1`] = `
<div
  id="intro"
>
  <p
    className="header-one sec-pad"
  >
    Hi! I'm Chris, Product Engineer based in NYC
    <span
      id="red-dot"
    >
      .
    </span>
  </p>
</div>
`;
